mode: set
mealplanner/db/db.go:33.29,44.2 1 0
mealplanner/db/db.go:47.35,50.18 2 0
mealplanner/db/db.go:50.18,52.3 1 0
mealplanner/db/db.go:53.2,53.18 1 0
mealplanner/db/db.go:53.18,55.3 1 0
mealplanner/db/db.go:56.2,56.18 1 0
mealplanner/db/db.go:56.18,58.3 1 0
mealplanner/db/db.go:59.2,59.20 1 0
mealplanner/db/db.go:59.20,61.3 1 0
mealplanner/db/db.go:63.2,63.28 1 0
mealplanner/db/db.go:63.28,69.39 6 0
mealplanner/db/db.go:69.39,71.4 1 0
mealplanner/db/db.go:72.3,76.39 5 0
mealplanner/db/db.go:76.39,78.4 1 0
mealplanner/db/db.go:79.3,88.102 9 0
mealplanner/db/db.go:90.2,90.12 1 0
mealplanner/db/db.go:99.42,101.2 1 0
mealplanner/db/db.go:104.45,106.39 1 0
mealplanner/db/db.go:106.39,108.3 1 0
mealplanner/db/db.go:111.2,118.16 3 0
mealplanner/db/db.go:118.16,123.3 1 0
mealplanner/db/db.go:126.2,126.26 1 0
mealplanner/db/db.go:126.26,128.3 1 0
mealplanner/db/db.go:129.2,129.26 1 0
mealplanner/db/db.go:129.26,131.3 1 0
mealplanner/db/db.go:132.2,132.29 1 0
mealplanner/db/db.go:132.29,134.3 1 0
mealplanner/db/db.go:135.2,135.29 1 0
mealplanner/db/db.go:135.29,137.3 1 0
mealplanner/db/db.go:140.2,141.22 2 0
mealplanner/db/db.go:141.22,143.3 1 0
mealplanner/db/db.go:145.2,148.44 3 0
mealplanner/db/db.go:148.44,154.3 2 0
mealplanner/db/db.go:156.2,156.16 1 0
mealplanner/db/db.go:160.40,161.16 1 0
mealplanner/db/db.go:161.16,163.3 1 0
mealplanner/db/db.go:166.2,167.30 2 0
mealplanner/db/db.go:167.30,169.3 1 0
mealplanner/db/db.go:172.2,184.39 3 0
mealplanner/db/db.go:184.39,185.36 1 0
mealplanner/db/db.go:185.36,187.4 1 0
mealplanner/db/db.go:190.2,190.14 1 0
mealplanner/models/meal.go:16.46,18.2 1 0
mealplanner/models/meal.go:61.55,63.18 2 0
mealplanner/models/meal.go:63.18,79.17 3 0
mealplanner/models/meal.go:79.17,82.4 2 0
mealplanner/models/meal.go:85.3,86.30 2 0
mealplanner/models/meal.go:86.30,87.37 1 0
mealplanner/models/meal.go:87.37,89.10 2 0
mealplanner/models/meal.go:92.3,92.15 1 0
mealplanner/models/meal.go:92.15,94.17 2 0
mealplanner/models/meal.go:94.17,96.5 1 0
mealplanner/models/meal.go:98.4,111.16 2 0
mealplanner/models/meal.go:111.16,113.5 1 0
mealplanner/models/meal.go:115.4,115.28 1 0
mealplanner/models/meal.go:119.3,119.25 1 0
mealplanner/models/meal.go:119.25,127.4 2 0
mealplanner/models/meal.go:130.2,130.35 1 0
mealplanner/models/meal.go:130.35,132.3 1 0
mealplanner/models/meal.go:134.2,134.19 1 0
mealplanner/models/meal.go:138.60,140.16 2 0
mealplanner/models/meal.go:140.16,143.3 2 0
mealplanner/models/meal.go:144.2,147.16 3 0
mealplanner/models/meal.go:147.16,149.3 1 0
mealplanner/models/meal.go:152.2,152.29 1 0
mealplanner/models/meal.go:152.29,154.17 2 0
mealplanner/models/meal.go:154.17,156.12 2 0
mealplanner/models/meal.go:158.3,158.21 1 0
mealplanner/models/meal.go:161.2,161.19 1 0
mealplanner/models/meal.go:165.47,167.16 2 0
mealplanner/models/meal.go:167.16,170.3 2 0
mealplanner/models/meal.go:171.2,174.16 3 0
mealplanner/models/meal.go:174.16,176.3 1 0
mealplanner/models/meal.go:179.2,179.29 1 0
mealplanner/models/meal.go:179.29,181.17 2 0
mealplanner/models/meal.go:181.17,183.12 2 0
mealplanner/models/meal.go:185.3,185.21 1 0
mealplanner/models/meal.go:188.2,188.19 1 0
mealplanner/models/meal.go:192.78,194.16 2 0
mealplanner/models/meal.go:194.16,196.3 1 0
mealplanner/models/meal.go:197.2,200.16 3 0
mealplanner/models/meal.go:200.16,202.3 1 0
mealplanner/models/meal.go:203.2,203.21 1 0
mealplanner/models/meal.go:203.21,205.3 1 0
mealplanner/models/meal.go:206.2,206.22 1 0
mealplanner/models/meal.go:210.81,211.29 1 0
mealplanner/models/meal.go:211.29,215.3 3 0
mealplanner/models/meal.go:217.2,219.16 2 0
mealplanner/models/meal.go:219.16,222.3 2 0
mealplanner/models/meal.go:223.2,225.12 3 0
mealplanner/models/meal.go:229.81,235.16 3 0
mealplanner/models/meal.go:235.16,238.3 2 0
mealplanner/models/meal.go:241.2,245.12 4 0
mealplanner/models/meal.go:249.63,251.16 2 0
mealplanner/models/meal.go:251.16,254.3 2 0
mealplanner/models/meal.go:255.2,256.16 2 0
mealplanner/models/meal.go:256.16,259.3 2 0
mealplanner/models/meal.go:260.2,260.23 1 0
mealplanner/models/meal.go:260.23,264.3 3 0
mealplanner/models/meal.go:265.2,266.12 2 0
mealplanner/models/meal.go:270.47,273.16 2 0
mealplanner/models/meal.go:273.16,275.3 1 0
mealplanner/models/meal.go:276.2,280.16 3 0
mealplanner/models/meal.go:280.16,282.3 1 0
mealplanner/models/meal.go:285.2,286.16 2 0
mealplanner/models/meal.go:286.16,288.3 1 0
mealplanner/models/meal.go:291.2,292.16 2 0
mealplanner/models/meal.go:292.16,294.3 1 0
mealplanner/models/meal.go:296.2,297.16 2 0
mealplanner/models/meal.go:297.16,299.3 1 0
mealplanner/models/meal.go:300.2,300.23 1 0
mealplanner/models/meal.go:300.23,302.3 1 0
mealplanner/models/meal.go:304.2,304.20 1 0
mealplanner/models/meal.go:308.62,312.23 3 0
mealplanner/models/meal.go:312.23,315.3 2 0
mealplanner/models/meal.go:318.2,320.16 3 0
mealplanner/models/meal.go:320.16,323.3 2 0
mealplanner/models/meal.go:324.2,333.16 4 0
mealplanner/models/meal.go:333.16,336.3 2 0
mealplanner/models/meal.go:338.2,339.16 2 0
mealplanner/models/meal.go:339.16,341.3 1 0
mealplanner/models/meal.go:341.8,343.3 1 0
mealplanner/models/meal.go:345.2,347.16 3 0
mealplanner/models/meal.go:347.16,350.3 2 0
mealplanner/models/meal.go:352.2,353.12 2 0
mealplanner/models/meal.go:357.56,360.16 2 0
mealplanner/models/meal.go:360.16,363.3 2 0
mealplanner/models/meal.go:364.2,370.20 4 0
mealplanner/models/meal.go:370.20,372.3 1 0
mealplanner/models/meal.go:373.2,377.16 2 0
mealplanner/models/meal.go:377.16,380.3 2 0
mealplanner/models/meal.go:381.2,385.39 3 0
mealplanner/models/meal.go:385.39,391.17 3 0
mealplanner/models/meal.go:391.17,394.4 2 0
mealplanner/models/meal.go:395.3,396.45 2 0
mealplanner/models/meal.go:400.2,400.30 1 0
mealplanner/models/meal.go:400.30,407.17 2 0
mealplanner/models/meal.go:407.17,410.4 2 0
mealplanner/models/meal.go:411.3,413.34 2 0
mealplanner/models/meal.go:413.34,422.18 5 0
mealplanner/models/meal.go:422.18,425.5 2 0
mealplanner/models/meal.go:426.4,426.36 1 0
mealplanner/models/meal.go:431.2,431.35 1 0
mealplanner/models/meal.go:431.35,434.3 2 0
mealplanner/models/meal.go:436.2,437.18 2 0
mealplanner/models/meal.go:441.47,442.23 1 0
mealplanner/models/meal.go:442.23,445.3 2 0
mealplanner/models/meal.go:448.2,449.20 2 0
mealplanner/models/meal.go:449.20,451.3 1 0
mealplanner/models/meal.go:454.2,455.29 2 0
mealplanner/models/meal.go:455.29,457.3 1 0
mealplanner/models/meal.go:457.8,459.3 1 0
mealplanner/models/meal.go:461.2,467.16 2 0
mealplanner/models/meal.go:467.16,470.3 2 0
mealplanner/models/meal.go:472.2,473.16 2 0
mealplanner/models/meal.go:473.16,476.3 2 0
mealplanner/models/meal.go:478.2,478.23 1 0
mealplanner/models/meal.go:478.23,481.3 2 0
mealplanner/models/meal.go:483.2,484.12 2 0
mealplanner/models/mealplan.go:23.52,25.2 1 0
mealplanner/models/mealplan.go:28.66,36.31 6 0
mealplanner/models/mealplan.go:36.31,37.38 1 0
mealplanner/models/mealplan.go:37.38,39.20 2 0
mealplanner/models/mealplan.go:40.21,41.32 1 0
mealplanner/models/mealplan.go:42.17,43.32 1 0
mealplanner/models/mealplan.go:44.18,46.24 2 0
mealplanner/models/mealplan.go:46.24,48.6 1 0
mealplanner/models/mealplan.go:48.11,48.31 1 0
mealplanner/models/mealplan.go:48.31,50.6 1 0
mealplanner/models/mealplan.go:53.4,54.18 2 0
mealplanner/models/mealplan.go:54.18,56.5 1 0
mealplanner/models/mealplan.go:57.4,57.67 1 0
mealplanner/models/mealplan.go:57.67,59.5 1 0
mealplanner/models/mealplan.go:61.4,61.19 1 0
mealplanner/models/mealplan.go:61.19,63.5 1 0
mealplanner/models/mealplan.go:63.10,65.5 1 0
mealplanner/models/mealplan.go:67.4,67.107 1 0
mealplanner/models/mealplan.go:72.2,72.29 1 0
mealplanner/models/mealplan.go:72.29,73.74 1 0
mealplanner/models/mealplan.go:73.74,75.9 2 0
mealplanner/models/mealplan.go:80.2,82.25 2 0
mealplanner/models/mealplan.go:82.25,85.33 2 0
mealplanner/models/mealplan.go:85.33,86.156 1 0
mealplanner/models/mealplan.go:86.156,87.24 1 0
mealplanner/models/mealplan.go:87.24,89.6 1 0
mealplanner/models/mealplan.go:90.5,90.17 1 0
mealplanner/models/mealplan.go:95.2,95.18 1 0
mealplanner/models/mealplan.go:100.63,103.20 3 0
mealplanner/models/mealplan.go:103.20,105.3 1 0
mealplanner/models/mealplan.go:106.2,106.46 1 0
mealplanner/models/mealplan.go:115.124,135.15 18 0
mealplanner/models/mealplan.go:135.15,137.3 1 0
mealplanner/models/mealplan.go:138.2,138.16 1 0
mealplanner/models/mealplan.go:138.16,139.36 1 0
mealplanner/models/mealplan.go:139.36,142.4 1 0
mealplanner/models/mealplan.go:143.3,143.18 1 0
mealplanner/models/mealplan.go:145.2,145.23 1 0
mealplanner/models/mealplan.go:145.23,147.3 1 0
mealplanner/models/mealplan.go:149.2,149.16 1 0
mealplanner/models/mealplan.go:153.63,160.16 5 0
mealplanner/models/mealplan.go:160.16,162.3 1 0
mealplanner/models/mealplan.go:164.2,165.16 2 0
mealplanner/models/mealplan.go:165.16,167.3 1 0
mealplanner/models/mealplan.go:169.2,170.16 2 0
mealplanner/models/mealplan.go:170.16,172.3 1 0
mealplanner/models/mealplan.go:175.2,175.116 1 0
mealplanner/models/mealplan.go:175.116,177.3 1 0
mealplanner/models/mealplan.go:179.2,179.26 1 0
mealplanner/models/mealplan.go:179.26,181.3 1 0
mealplanner/models/mealplan.go:183.2,183.29 1 0
mealplanner/models/mealplan.go:183.29,184.74 1 0
mealplanner/models/mealplan.go:184.74,186.9 2 0
mealplanner/models/mealplan.go:190.2,190.18 1 0
mealplanner/models/mealplan.go:194.89,202.16 3 0
mealplanner/models/mealplan.go:202.16,204.3 1 0
mealplanner/models/mealplan.go:205.2,208.18 3 0
mealplanner/models/mealplan.go:208.18,218.17 10 0
mealplanner/models/mealplan.go:218.17,220.4 1 0
mealplanner/models/mealplan.go:222.3,228.24 7 0
mealplanner/models/mealplan.go:228.24,230.4 1 0
mealplanner/models/mealplan.go:232.3,232.16 1 0
mealplanner/models/mealplan.go:232.16,234.4 1 0
mealplanner/models/mealplan.go:235.3,235.28 1 0
mealplanner/models/mealplan.go:237.2,237.35 1 0
mealplanner/models/mealplan.go:237.35,239.3 1 0
mealplanner/models/mealplan.go:241.2,241.54 1 0
mealplanner/models/mealplan.go:241.54,243.3 1 0
mealplanner/models/mealplan.go:244.2,244.19 1 0
mealplanner/models/mealplan.go:249.84,250.17 1 0
mealplanner/models/mealplan.go:250.17,252.3 1 0
mealplanner/models/mealplan.go:253.2,253.34 1 0
mealplanner/models/mealplan.go:253.34,255.3 1 0
mealplanner/models/mealplan.go:256.2,257.76 2 0
mealplanner/models/mealplan.go:257.76,259.3 1 0
mealplanner/models/mealplan.go:261.2,261.27 1 0
mealplanner/models/mealplan.go:261.27,263.60 2 0
mealplanner/models/mealplan.go:263.60,264.21 1 0
mealplanner/models/mealplan.go:264.21,266.5 1 0
mealplanner/models/mealplan.go:267.4,268.14 2 0
mealplanner/models/mealplan.go:271.2,271.89 1 0
mealplanner/models/mealplan_sql.go:17.50,19.2 1 0
mealplanner/models/mealplan_sql.go:32.44,33.11 1 0
mealplanner/models/mealplan_sql.go:34.19,35.44 1 0
mealplanner/models/mealplan_sql.go:36.15,37.40 1 0
mealplanner/models/mealplan_sql.go:38.16,39.41 1 0
mealplanner/models/mealplan_sql.go:40.10,41.46 1 0
mealplanner/models/mealplan_sql.go:45.45,46.14 1 0
mealplanner/models/mealplan_sql.go:47.42,48.21 1 0
mealplanner/models/mealplan_sql.go:49.38,50.17 1 0
mealplanner/models/mealplan_sql.go:51.39,52.18 1 0
mealplanner/models/mealplan_sql.go:53.10,54.12 1 0
mealplanner/models/mealplan_sql.go:58.56,59.11 1 0
mealplanner/models/mealplan_sql.go:60.15,61.53 1 0
mealplanner/models/mealplan_sql.go:62.19,63.57 1 0
mealplanner/models/mealplan_sql.go:64.18,65.56 1 0
mealplanner/models/mealplan_sql.go:66.19,67.57 1 0
mealplanner/models/mealplan_sql.go:68.10,69.59 1 0
mealplanner/models/mealplan_sql.go:73.59,74.16 1 0
mealplanner/models/mealplan_sql.go:75.51,76.17 1 0
mealplanner/models/mealplan_sql.go:77.55,78.21 1 0
mealplanner/models/mealplan_sql.go:79.54,80.20 1 0
mealplanner/models/mealplan_sql.go:81.55,82.21 1 0
mealplanner/models/mealplan_sql.go:83.10,84.12 1 0
mealplanner/models/mealplan_sql.go:89.138,101.16 6 0
mealplanner/models/mealplan_sql.go:101.16,104.3 2 0
mealplanner/models/mealplan_sql.go:106.2,107.16 2 0
mealplanner/models/mealplan_sql.go:111.82,136.16 8 0
mealplanner/models/mealplan_sql.go:136.16,137.27 1 0
mealplanner/models/mealplan_sql.go:137.27,139.4 1 0
mealplanner/models/mealplan_sql.go:140.3,141.18 2 0
mealplanner/models/mealplan_sql.go:145.2,146.20 2 0
mealplanner/models/mealplan_sql.go:146.20,148.3 1 0
mealplanner/models/mealplan_sql.go:149.2,154.16 4 0
mealplanner/models/mealplan_sql.go:154.16,157.3 2 0
mealplanner/models/mealplan_sql.go:158.2,161.19 3 0
mealplanner/models/mealplan_sql.go:165.97,194.16 9 0
mealplanner/models/mealplan_sql.go:194.16,195.27 1 0
mealplanner/models/mealplan_sql.go:195.27,197.4 1 0
mealplanner/models/mealplan_sql.go:198.3,199.18 2 0
mealplanner/models/mealplan_sql.go:202.2,203.20 2 0
mealplanner/models/mealplan_sql.go:203.20,205.3 1 0
mealplanner/models/mealplan_sql.go:206.2,210.16 4 0
mealplanner/models/mealplan_sql.go:210.16,213.3 2 0
mealplanner/models/mealplan_sql.go:214.2,216.19 2 0
mealplanner/models/mealplan_sql.go:220.134,241.19 4 0
mealplanner/models/mealplan_sql.go:241.19,244.3 2 0
mealplanner/models/mealplan_sql.go:246.2,252.16 3 0
mealplanner/models/mealplan_sql.go:252.16,255.3 2 0
mealplanner/models/mealplan_sql.go:256.2,259.18 3 0
mealplanner/models/mealplan_sql.go:259.18,276.17 6 0
mealplanner/models/mealplan_sql.go:276.17,279.4 2 0
mealplanner/models/mealplan_sql.go:281.3,282.21 2 0
mealplanner/models/mealplan_sql.go:282.21,284.4 1 0
mealplanner/models/mealplan_sql.go:285.3,288.42 3 0
mealplanner/models/mealplan_sql.go:291.2,291.35 1 0
mealplanner/models/mealplan_sql.go:291.35,294.3 2 0
mealplanner/models/mealplan_sql.go:296.2,297.23 2 0
mealplanner/models/mealplan_sql.go:301.97,308.16 5 0
mealplanner/models/mealplan_sql.go:308.16,311.3 2 0
mealplanner/models/mealplan_sql.go:313.2,314.16 2 0
mealplanner/models/mealplan_sql.go:314.16,316.3 1 0
mealplanner/models/mealplan_sql.go:317.2,317.15 1 0
mealplanner/models/mealplan_sql.go:317.15,319.3 1 0
mealplanner/models/mealplan_sql.go:321.2,322.12 2 0
mealplanner/models/mealplan_sql.go:326.104,332.16 4 0
mealplanner/models/mealplan_sql.go:332.16,335.3 2 0
mealplanner/models/mealplan_sql.go:337.2,337.21 1 0
mealplanner/models/mealplan_sql.go:337.21,340.3 2 0
mealplanner/models/mealplan_sql.go:343.2,349.16 3 0
mealplanner/models/mealplan_sql.go:349.16,352.3 2 0
mealplanner/models/mealplan_sql.go:353.2,355.29 2 0
mealplanner/models/mealplan_sql.go:355.29,358.31 2 0
mealplanner/models/mealplan_sql.go:358.31,360.18 2 0
mealplanner/models/mealplan_sql.go:360.18,363.5 2 0
mealplanner/models/mealplan_sql.go:364.9,366.4 1 0
mealplanner/models/mealplan_sql.go:369.3,373.25 3 0
mealplanner/models/mealplan_sql.go:373.25,375.4 1 0
mealplanner/models/mealplan_sql.go:375.9,377.4 1 0
mealplanner/models/mealplan_sql.go:379.3,380.17 2 0
mealplanner/models/mealplan_sql.go:380.17,383.4 2 0
mealplanner/models/mealplan_sql.go:386.2,387.12 2 0
mealplanner/models/mealplan_sql.go:391.88,397.16 4 0
mealplanner/models/mealplan_sql.go:397.16,400.3 2 0
mealplanner/models/mealplan_sql.go:402.2,403.16 2 0
mealplanner/models/mealplan_sql.go:403.16,405.3 1 0
mealplanner/models/mealplan_sql.go:406.2,406.15 1 0
mealplanner/models/mealplan_sql.go:406.15,408.3 1 0
mealplanner/models/mealplan_sql.go:410.2,411.12 2 0
mealplanner/models/mealplan_sql.go:415.105,426.16 4 0
mealplanner/models/mealplan_sql.go:426.16,429.3 2 0
mealplanner/models/mealplan_sql.go:430.2,433.18 3 0
mealplanner/models/mealplan_sql.go:433.18,450.17 7 0
mealplanner/models/mealplan_sql.go:450.17,453.4 2 0
mealplanner/models/mealplan_sql.go:455.3,456.19 2 0
mealplanner/models/mealplan_sql.go:456.19,459.4 2 0
mealplanner/models/mealplan_sql.go:462.3,463.61 2 0
mealplanner/models/mealplan_sql.go:463.61,466.4 2 0
mealplanner/models/mealplan_sql.go:467.3,472.31 4 0
mealplanner/models/mealplan_sql.go:475.2,475.35 1 0
mealplanner/models/mealplan_sql.go:475.35,478.3 2 0
mealplanner/models/mealplan_sql.go:480.2,480.19 1 0
mealplanner/models/mealplan_sql.go:494.82,503.16 4 0
mealplanner/models/mealplan_sql.go:503.16,505.3 1 0
mealplanner/models/mealplan_sql.go:506.2,506.16 1 0
mealplanner/models/mealplan_sql.go:510.76,517.16 3 0
mealplanner/models/mealplan_sql.go:517.16,519.3 1 0
mealplanner/models/mealplan_sql.go:520.2,522.18 3 0
mealplanner/models/mealplan_sql.go:522.18,526.73 4 0
mealplanner/models/mealplan_sql.go:526.73,528.4 1 0
mealplanner/models/mealplan_sql.go:531.3,535.57 3 0
mealplanner/models/mealplan_sql.go:535.57,537.4 1 0
mealplanner/models/mealplan_sql.go:538.3,539.31 2 0
mealplanner/models/mealplan_sql.go:541.2,541.21 1 0
mealplanner/models/migrate.go:5.32,26.31 5 0
mealplanner/models/migrate.go:26.31,27.43 1 0
mealplanner/models/migrate.go:27.43,29.4 1 0
mealplanner/models/migrate.go:33.2,33.32 1 0
mealplanner/models/migrate.go:33.32,34.43 1 0
mealplanner/models/migrate.go:34.43,36.4 1 0
mealplanner/models/migrate.go:39.2,39.12 1 0
mealplanner/models/shoppinglist.go:16.65,18.29 2 0
mealplanner/models/shoppinglist.go:18.29,19.45 1 0
mealplanner/models/shoppinglist.go:19.45,21.53 1 0
mealplanner/models/shoppinglist.go:21.53,24.5 2 0
mealplanner/models/shoppinglist.go:24.10,34.5 2 0
mealplanner/models/shoppinglist.go:38.2,39.33 2 0
mealplanner/models/shoppinglist.go:39.33,41.3 1 0
mealplanner/models/shoppinglist.go:44.2,44.46 1 0
mealplanner/models/shoppinglist.go:44.46,46.3 1 0
mealplanner/models/shoppinglist.go:47.2,47.20 1 0
mealplanner/models/shoppinglist.go:51.80,53.27 2 0
mealplanner/models/shoppinglist.go:53.27,59.3 2 0
mealplanner/models/shoppinglist.go:60.2,60.14 1 0
mealplanner/models/step.go:13.46,15.2 1 0
mealplanner/models/step.go:21.63,28.16 2 0
mealplanner/models/step.go:28.16,31.3 2 0
mealplanner/models/step.go:32.2,35.18 3 0
mealplanner/models/step.go:35.18,38.76 3 0
mealplanner/models/step.go:38.76,41.4 2 0
mealplanner/models/step.go:42.3,48.30 2 0
mealplanner/models/step.go:51.2,51.35 1 0
mealplanner/models/step.go:51.35,54.3 2 0
mealplanner/models/step.go:56.2,56.19 1 0
mealplanner/models/step.go:60.59,64.16 3 0
mealplanner/models/step.go:64.16,67.3 2 0
mealplanner/models/step.go:68.2,68.17 1 0
mealplanner/models/step.go:68.17,70.3 1 0
mealplanner/models/step.go:73.2,73.31 1 0
mealplanner/models/step.go:73.31,80.17 3 0
mealplanner/models/step.go:80.17,83.4 2 0
mealplanner/models/step.go:84.3,84.35 1 0
mealplanner/models/step.go:88.2,94.16 3 0
mealplanner/models/step.go:94.16,97.3 2 0
mealplanner/models/step.go:98.2,100.18 2 0
mealplanner/models/step.go:104.93,105.28 1 0
mealplanner/models/step.go:105.28,107.3 1 0
mealplanner/models/step.go:110.2,112.16 3 0
mealplanner/models/step.go:112.16,115.3 2 0
mealplanner/models/step.go:116.2,116.17 1 0
mealplanner/models/step.go:116.17,118.3 1 0
mealplanner/models/step.go:121.2,122.16 2 0
mealplanner/models/step.go:122.16,125.3 2 0
mealplanner/models/step.go:126.2,135.16 4 0
mealplanner/models/step.go:135.16,138.3 2 0
mealplanner/models/step.go:141.2,146.16 2 0
mealplanner/models/step.go:146.16,149.3 2 0
mealplanner/models/step.go:150.2,154.43 3 0
mealplanner/models/step.go:154.43,164.17 5 0
mealplanner/models/step.go:164.17,167.4 2 0
mealplanner/models/step.go:169.3,170.18 2 0
mealplanner/models/step.go:174.2,174.35 1 0
mealplanner/models/step.go:174.35,177.3 2 0
mealplanner/models/step.go:179.2,179.19 1 0
mealplanner/models/step.go:183.47,184.23 1 0
mealplanner/models/step.go:184.23,186.3 1 0
mealplanner/models/step.go:188.2,193.16 2 0
mealplanner/models/step.go:193.16,196.3 2 0
mealplanner/models/step.go:198.2,199.16 2 0
mealplanner/models/step.go:199.16,202.3 2 0
mealplanner/models/step.go:203.2,203.23 1 0
mealplanner/models/step.go:203.23,205.3 1 0
mealplanner/models/step.go:207.2,207.12 1 0
mealplanner/models/step.go:211.59,213.16 2 0
mealplanner/models/step.go:213.16,216.3 2 0
mealplanner/models/step.go:218.2,219.16 2 0
mealplanner/models/step.go:219.16,222.3 2 0
mealplanner/models/step.go:223.2,223.23 1 0
mealplanner/models/step.go:223.23,225.3 1 0
mealplanner/models/step.go:227.2,227.12 1 0
mealplanner/models/step.go:232.64,233.23 1 0
mealplanner/models/step.go:233.23,235.3 1 0
mealplanner/models/step.go:238.2,239.16 2 0
mealplanner/models/step.go:239.16,242.3 2 0
mealplanner/models/step.go:243.2,252.16 3 0
mealplanner/models/step.go:252.16,255.3 2 0
mealplanner/models/step.go:256.2,259.33 2 0
mealplanner/models/step.go:259.33,261.17 2 0
mealplanner/models/step.go:261.17,264.4 2 0
mealplanner/models/step.go:268.2,273.16 2 0
mealplanner/models/step.go:273.16,276.3 2 0
mealplanner/models/step.go:277.2,280.33 2 0
mealplanner/models/step.go:280.33,283.17 3 0
mealplanner/models/step.go:283.17,286.4 2 0
mealplanner/models/step.go:290.2,290.35 1 0
mealplanner/models/step.go:290.35,293.3 2 0
mealplanner/models/step.go:295.2,295.12 1 0
mealplanner/models/step.go:299.58,301.16 2 0
mealplanner/models/step.go:301.16,304.3 2 0
mealplanner/models/step.go:305.2,305.12 1 0
mealplanner/repositories/mocks/ingredient_repository_mock.go:19.30,22.19 3 0
mealplanner/repositories/mocks/ingredient_repository_mock.go:22.19,22.46 1 0
mealplanner/repositories/mocks/ingredient_repository_mock.go:23.2,23.10 1 0
mealplanner/repositories/mocks/ingredient_repository_mock.go:27.127,30.2 2 0
mealplanner/repositories/mocks/ingredient_repository_mock.go:33.127,36.2 2 0
mealplanner/repositories/mocks/ingredient_repository_mock.go:39.102,42.2 2 0
mealplanner/repositories/mocks/ingredient_repository_mock.go:45.125,48.2 2 0
mealplanner/repositories/mocks/meal_plan_repository_mock_gen.go:19.28,22.19 3 0
mealplanner/repositories/mocks/meal_plan_repository_mock_gen.go:22.19,22.46 1 0
mealplanner/repositories/mocks/meal_plan_repository_mock_gen.go:23.2,23.10 1 0
mealplanner/repositories/mocks/meal_plan_repository_mock_gen.go:27.110,29.24 2 0
mealplanner/repositories/mocks/meal_plan_repository_mock_gen.go:29.24,31.3 1 0
mealplanner/repositories/mocks/meal_plan_repository_mock_gen.go:32.2,32.60 1 0
mealplanner/repositories/mocks/meal_plan_repository_mock_gen.go:35.107,37.24 2 0
mealplanner/repositories/mocks/meal_plan_repository_mock_gen.go:37.24,39.3 1 0
mealplanner/repositories/mocks/meal_plan_repository_mock_gen.go:40.2,40.60 1 0
mealplanner/repositories/mocks/meal_plan_repository_mock_gen.go:43.136,45.24 2 0
mealplanner/repositories/mocks/meal_plan_repository_mock_gen.go:45.24,47.3 1 0
mealplanner/repositories/mocks/meal_plan_repository_mock_gen.go:48.2,48.60 1 0
mealplanner/repositories/mocks/meal_plan_repository_mock_gen.go:51.140,54.2 2 0
mealplanner/repositories/mocks/meal_plan_repository_mock_gen.go:56.126,58.24 2 0
mealplanner/repositories/mocks/meal_plan_repository_mock_gen.go:58.24,60.3 1 0
mealplanner/repositories/mocks/meal_plan_repository_mock_gen.go:61.2,61.64 1 0
mealplanner/repositories/mocks/meal_plan_repository_mock_gen.go:64.120,66.24 2 0
mealplanner/repositories/mocks/meal_plan_repository_mock_gen.go:66.24,68.3 1 0
mealplanner/repositories/mocks/meal_plan_repository_mock_gen.go:69.2,69.60 1 0
mealplanner/repositories/mocks/meal_plan_repository_mock_gen.go:72.104,75.2 2 0
mealplanner/repositories/mocks/meal_repository_mock.go:18.24,22.19 3 0
mealplanner/repositories/mocks/meal_repository_mock.go:22.19,22.49 1 0
mealplanner/repositories/mocks/meal_repository_mock.go:24.2,24.13 1 0
mealplanner/repositories/mocks/meal_repository_mock.go:28.87,30.24 2 0
mealplanner/repositories/mocks/meal_repository_mock.go:30.24,32.3 1 0
mealplanner/repositories/mocks/meal_repository_mock.go:33.2,33.52 1 0
mealplanner/repositories/mocks/meal_repository_mock.go:37.100,39.24 2 0
mealplanner/repositories/mocks/meal_repository_mock.go:39.24,41.3 1 0
mealplanner/repositories/mocks/meal_repository_mock.go:42.2,42.52 1 0
mealplanner/repositories/mocks/meal_repository_mock.go:46.93,49.2 2 0
mealplanner/repositories/mocks/meal_repository_mock.go:52.103,55.2 2 0
mealplanner/repositories/mocks/meal_repository_mock.go:58.103,61.2 2 0
mealplanner/repositories/mocks/meal_repository_mock.go:64.76,67.2 2 0
mealplanner/repositories/mocks/meal_repository_mock.go:70.111,73.2 2 0
mealplanner/repositories/mocks/meal_repository_mock.go:76.95,79.2 2 0
mealplanner/repositories/mocks/meal_repository_mock.go:82.103,85.2 2 0
mealplanner/repositories/mocks/meal_repository_mock.go:88.106,91.2 2 0
mealplanner/repositories/mocks/recipe_step_repository_mock.go:18.30,21.19 3 0
mealplanner/repositories/mocks/recipe_step_repository_mock.go:21.19,21.46 1 0
mealplanner/repositories/mocks/recipe_step_repository_mock.go:22.2,22.10 1 0
mealplanner/repositories/mocks/recipe_step_repository_mock.go:26.109,28.24 2 0
mealplanner/repositories/mocks/recipe_step_repository_mock.go:28.24,30.3 1 0
mealplanner/repositories/mocks/recipe_step_repository_mock.go:31.2,31.52 1 0
mealplanner/repositories/mocks/recipe_step_repository_mock.go:34.112,36.24 2 0
mealplanner/repositories/mocks/recipe_step_repository_mock.go:36.24,38.3 1 0
mealplanner/repositories/mocks/recipe_step_repository_mock.go:39.2,39.50 1 0
mealplanner/repositories/mocks/recipe_step_repository_mock.go:42.139,44.24 2 0
mealplanner/repositories/mocks/recipe_step_repository_mock.go:44.24,46.3 1 0
mealplanner/repositories/mocks/recipe_step_repository_mock.go:47.2,47.52 1 0
mealplanner/repositories/mocks/recipe_step_repository_mock.go:50.93,53.2 2 0
mealplanner/repositories/mocks/recipe_step_repository_mock.go:55.98,58.2 2 0
mealplanner/repositories/mocks/recipe_step_repository_mock.go:60.97,63.2 2 0
mealplanner/repositories/mocks/recipe_step_repository_mock.go:65.103,68.2 2 0
mealplanner/repositories/mocks/shopping_list_repository_mock.go:17.32,21.19 3 0
mealplanner/repositories/mocks/shopping_list_repository_mock.go:21.19,21.49 1 0
mealplanner/repositories/mocks/shopping_list_repository_mock.go:23.2,23.13 1 0
mealplanner/repositories/mocks/shopping_list_repository_mock.go:26.146,28.24 2 0
mealplanner/repositories/mocks/shopping_list_repository_mock.go:28.24,30.3 1 0
mealplanner/repositories/mocks/shopping_list_repository_mock.go:31.2,31.63 1 0
mealplanner/repositories/mocks/shopping_list_repository_mock.go:34.162,36.24 2 0
mealplanner/repositories/mocks/shopping_list_repository_mock.go:36.24,38.3 1 0
mealplanner/repositories/mocks/shopping_list_repository_mock.go:39.2,39.63 1 0
mealplanner/testutil/builders.go:14.36,26.2 1 0
mealplanner/testutil/builders.go:29.51,32.2 2 0
mealplanner/testutil/builders.go:35.58,38.2 2 0
mealplanner/testutil/builders.go:41.66,44.2 2 0
mealplanner/testutil/builders.go:47.58,50.2 2 0
mealplanner/testutil/builders.go:53.68,56.2 2 0
mealplanner/testutil/builders.go:59.56,62.2 2 0
mealplanner/testutil/builders.go:65.87,68.2 2 0
mealplanner/testutil/builders.go:71.69,74.2 2 0
mealplanner/testutil/builders.go:77.44,79.2 1 0
mealplanner/testutil/builders.go:87.48,97.2 1 0
mealplanner/testutil/builders.go:100.63,103.2 2 0
mealplanner/testutil/builders.go:106.70,109.2 2 0
mealplanner/testutil/builders.go:112.79,115.2 2 0
mealplanner/testutil/builders.go:118.70,121.2 2 0
mealplanner/testutil/builders.go:124.56,126.2 1 0
mealplanner/testutil/builders.go:134.36,143.2 1 0
mealplanner/testutil/builders.go:146.51,149.2 2 0
mealplanner/testutil/builders.go:152.72,155.2 2 0
mealplanner/testutil/builders.go:158.44,160.2 1 0
mealplanner/testutil/builders.go:168.52,183.2 1 0
mealplanner/testutil/builders.go:186.75,189.2 2 0
mealplanner/testutil/builders.go:192.79,195.2 2 0
mealplanner/testutil/builders.go:198.86,201.2 2 0
mealplanner/testutil/builders.go:204.75,208.2 3 0
mealplanner/testutil/builders.go:211.88,214.2 2 0
mealplanner/testutil/builders.go:217.60,219.2 1 0
mealplanner/testutil/common.go:61.41,117.2 4 0
mealplanner/grpc_server.go:21.47,23.2 1 1
mealplanner/grpc_server.go:32.127,36.40 3 1
mealplanner/grpc_server.go:36.40,37.19 1 1
mealplanner/grpc_server.go:37.19,38.12 1 0
mealplanner/grpc_server.go:41.3,48.46 2 1
mealplanner/grpc_server.go:48.46,50.4 1 1
mealplanner/grpc_server.go:52.3,52.30 1 1
mealplanner/grpc_server.go:55.2,65.21 2 1
mealplanner/grpc_server.go:65.21,67.3 1 1
mealplanner/grpc_server.go:69.2,69.13 1 1
mealplanner/grpc_server.go:73.82,76.34 2 0
mealplanner/grpc_server.go:76.34,83.3 2 0
mealplanner/grpc_server.go:85.2,87.3 1 0
mealplanner/grpc_server.go:91.83,97.18 4 0
mealplanner/grpc_server.go:97.18,99.3 1 0
mealplanner/grpc_server.go:100.2,106.16 5 0
mealplanner/grpc_server.go:106.16,109.3 2 0
mealplanner/grpc_server.go:111.2,111.25 1 0
mealplanner/grpc_server.go:111.25,114.3 2 0
mealplanner/grpc_server.go:117.2,119.16 3 0
mealplanner/grpc_server.go:119.16,121.3 1 0
mealplanner/grpc_server.go:124.2,125.16 2 0
mealplanner/grpc_server.go:125.16,127.3 1 0
mealplanner/grpc_server.go:130.2,135.16 4 0
mealplanner/grpc_server.go:135.16,138.3 2 0
mealplanner/grpc_server.go:140.2,144.16 3 0
mealplanner/grpc_server.go:144.16,147.3 2 0
mealplanner/grpc_server.go:149.2,150.21 2 0
mealplanner/grpc_server.go:153.68,155.30 2 0
mealplanner/grpc_server.go:155.30,156.20 1 0
mealplanner/grpc_server.go:156.20,158.4 1 0
mealplanner/grpc_server.go:160.2,160.23 1 0
mealplanner/grpc_server.go:160.23,163.3 2 0
mealplanner/grpc_server.go:165.2,166.16 2 0
mealplanner/grpc_server.go:166.16,168.3 1 0
mealplanner/grpc_server.go:169.2,170.12 2 0
mealplanner/grpc_server.go:173.74,175.2 1 0
mealplanner/grpc_server.go:177.121,183.22 4 0
mealplanner/grpc_server.go:183.22,185.3 1 0
mealplanner/grpc_server.go:185.8,185.48 1 0
mealplanner/grpc_server.go:185.48,187.3 1 0
mealplanner/grpc_server.go:187.8,189.3 1 0
mealplanner/grpc_server.go:192.2,193.23 2 0
mealplanner/grpc_server.go:193.23,195.3 1 0
mealplanner/grpc_server.go:195.8,198.17 2 0
mealplanner/grpc_server.go:198.17,200.4 1 0
mealplanner/grpc_server.go:200.9,202.4 1 0
mealplanner/grpc_server.go:206.2,206.33 1 0
mealplanner/grpc_server.go:206.33,211.3 1 0
mealplanner/grpc_server.go:213.2,213.27 1 0
mealplanner/grpc_server.go:213.27,218.3 1 0
mealplanner/grpc_server.go:220.2,223.8 1 0
mealplanner/grpc_server.go:226.121,231.16 3 0
mealplanner/grpc_server.go:231.16,234.3 2 0
mealplanner/grpc_server.go:237.2,240.64 2 0
mealplanner/grpc_server.go:240.64,243.3 2 0
mealplanner/grpc_server.go:245.2,246.58 2 0
mealplanner/grpc_server.go:249.131,254.16 3 0
mealplanner/grpc_server.go:254.16,257.3 2 0
mealplanner/grpc_server.go:260.2,261.16 2 0
mealplanner/grpc_server.go:261.16,264.3 2 0
mealplanner/grpc_server.go:267.2,269.18 3 0
mealplanner/grpc_server.go:269.18,271.3 1 0
mealplanner/grpc_server.go:272.2,282.16 7 0
mealplanner/grpc_server.go:282.16,285.3 2 0
mealplanner/grpc_server.go:287.2,288.25 2 0
mealplanner/grpc_server.go:288.25,296.17 5 0
mealplanner/grpc_server.go:296.17,299.4 2 0
mealplanner/grpc_server.go:301.3,302.17 2 0
mealplanner/grpc_server.go:302.17,305.4 2 0
mealplanner/grpc_server.go:307.3,307.100 1 0
mealplanner/grpc_server.go:308.8,311.17 2 0
mealplanner/grpc_server.go:311.17,314.4 2 0
mealplanner/grpc_server.go:315.3,316.58 2 0
mealplanner/grpc_server.go:320.2,321.16 2 0
mealplanner/grpc_server.go:321.16,324.3 2 0
mealplanner/grpc_server.go:327.2,327.66 1 0
mealplanner/grpc_server.go:327.66,330.3 2 0
mealplanner/grpc_server.go:332.2,335.8 2 0
mealplanner/grpc_server.go:338.147,342.24 3 1
mealplanner/grpc_server.go:342.24,345.3 2 1
mealplanner/grpc_server.go:347.2,351.16 3 1
mealplanner/grpc_server.go:351.16,354.3 2 1
mealplanner/grpc_server.go:356.2,356.38 1 1
mealplanner/grpc_server.go:356.38,359.3 2 0
mealplanner/grpc_server.go:361.2,365.55 3 1
mealplanner/grpc_server.go:365.55,366.40 1 1
mealplanner/grpc_server.go:366.40,368.19 2 1
mealplanner/grpc_server.go:368.19,371.5 2 1
mealplanner/grpc_server.go:375.2,376.28 2 1
mealplanner/grpc_server.go:376.28,378.3 1 1
mealplanner/grpc_server.go:380.2,385.18 4 1
mealplanner/grpc_server.go:385.18,387.3 1 0
mealplanner/grpc_server.go:388.2,398.16 7 1
mealplanner/grpc_server.go:398.16,401.3 2 0
mealplanner/grpc_server.go:403.2,404.25 2 1
mealplanner/grpc_server.go:404.25,414.17 6 0
mealplanner/grpc_server.go:414.17,417.4 2 0
mealplanner/grpc_server.go:420.3,421.17 2 0
mealplanner/grpc_server.go:421.17,424.4 2 0
mealplanner/grpc_server.go:425.8,428.17 2 1
mealplanner/grpc_server.go:428.17,431.4 2 0
mealplanner/grpc_server.go:433.3,438.17 4 1
mealplanner/grpc_server.go:438.17,441.4 2 0
mealplanner/grpc_server.go:445.2,445.22 1 1
mealplanner/grpc_server.go:445.22,447.85 2 1
mealplanner/grpc_server.go:447.85,450.4 2 0
mealplanner/grpc_server.go:451.3,451.50 1 1
mealplanner/grpc_server.go:452.8,454.3 1 1
mealplanner/grpc_server.go:456.2,459.8 2 1
mealplanner/grpc_server.go:462.144,464.30 2 0
mealplanner/grpc_server.go:464.30,466.3 1 0
mealplanner/grpc_server.go:468.2,469.16 2 0
mealplanner/grpc_server.go:469.16,471.3 1 0
mealplanner/grpc_server.go:473.2,475.8 1 0
mealplanner/grpc_server.go:478.132,480.16 2 0
mealplanner/grpc_server.go:480.16,482.3 1 0
mealplanner/grpc_server.go:485.2,485.20 1 0
mealplanner/grpc_server.go:485.20,487.30 2 0
mealplanner/grpc_server.go:487.30,488.33 1 0
mealplanner/grpc_server.go:488.33,490.5 1 0
mealplanner/grpc_server.go:492.3,492.24 1 0
mealplanner/grpc_server.go:495.2,497.8 1 0
mealplanner/grpc_server.go:500.129,501.21 1 0
mealplanner/grpc_server.go:501.21,503.3 1 0
mealplanner/grpc_server.go:505.2,505.25 1 0
mealplanner/grpc_server.go:505.25,507.3 1 0
mealplanner/grpc_server.go:509.2,510.16 2 0
mealplanner/grpc_server.go:510.16,512.3 1 0
mealplanner/grpc_server.go:514.2,516.8 1 0
mealplanner/grpc_server.go:519.129,520.21 1 1
mealplanner/grpc_server.go:520.21,522.3 1 1
mealplanner/grpc_server.go:524.2,524.21 1 1
mealplanner/grpc_server.go:524.21,526.3 1 1
mealplanner/grpc_server.go:528.2,528.25 1 1
mealplanner/grpc_server.go:528.25,530.3 1 1
mealplanner/grpc_server.go:533.2,536.16 3 1
mealplanner/grpc_server.go:536.16,538.3 1 1
mealplanner/grpc_server.go:540.2,542.8 1 1
mealplanner/grpc_server.go:545.123,547.16 2 0
mealplanner/grpc_server.go:547.16,549.3 1 0
mealplanner/grpc_server.go:551.2,553.8 1 0
mealplanner/grpc_server.go:556.132,561.2 1 0
mealplanner/grpc_server.go:563.159,564.27 1 0
mealplanner/grpc_server.go:564.27,566.3 1 0
mealplanner/grpc_server.go:568.2,570.16 3 0
mealplanner/grpc_server.go:570.16,572.3 1 0
mealplanner/grpc_server.go:575.2,576.16 2 0
mealplanner/grpc_server.go:576.16,578.3 1 0
mealplanner/grpc_server.go:580.2,582.8 1 0
mealplanner/grpc_server.go:585.159,586.27 1 0
mealplanner/grpc_server.go:586.27,588.3 1 0
mealplanner/grpc_server.go:590.2,592.16 3 0
mealplanner/grpc_server.go:592.16,594.3 1 0
mealplanner/grpc_server.go:597.2,598.16 2 0
mealplanner/grpc_server.go:598.16,600.3 1 0
mealplanner/grpc_server.go:602.2,604.8 1 0
mealplanner/grpc_server.go:607.159,610.16 3 0
mealplanner/grpc_server.go:610.16,612.3 1 0
mealplanner/grpc_server.go:615.2,616.16 2 0
mealplanner/grpc_server.go:616.16,618.3 1 0
mealplanner/grpc_server.go:620.2,622.8 1 0
mealplanner/grpc_server.go:625.129,627.16 2 0
mealplanner/grpc_server.go:627.16,629.3 1 0
mealplanner/grpc_server.go:631.2,633.8 1 0
mealplanner/grpc_server.go:636.123,638.16 2 0
mealplanner/grpc_server.go:638.16,640.3 1 0
mealplanner/grpc_server.go:642.2,644.8 1 0
mealplanner/grpc_server.go:647.120,648.21 1 0
mealplanner/grpc_server.go:648.21,650.3 1 0
mealplanner/grpc_server.go:653.2,655.16 3 0
mealplanner/grpc_server.go:655.16,657.3 1 0
mealplanner/grpc_server.go:659.2,661.8 1 0
mealplanner/grpc_server.go:664.135,666.16 2 0
mealplanner/grpc_server.go:666.16,668.3 1 0
mealplanner/grpc_server.go:670.2,672.8 1 0
mealplanner/grpc_server.go:675.129,676.21 1 0
mealplanner/grpc_server.go:676.21,678.3 1 0
mealplanner/grpc_server.go:681.2,685.16 4 0
mealplanner/grpc_server.go:685.16,687.3 1 0
mealplanner/grpc_server.go:689.2,691.8 1 0
mealplanner/grpc_server.go:694.129,696.16 2 0
mealplanner/grpc_server.go:696.16,698.3 1 0
mealplanner/grpc_server.go:700.2,702.8 1 0
mealplanner/grpc_server.go:705.135,707.33 2 0
mealplanner/grpc_server.go:707.33,709.3 1 0
mealplanner/grpc_server.go:711.2,712.16 2 0
mealplanner/grpc_server.go:712.16,714.3 1 0
mealplanner/grpc_server.go:716.2,718.8 1 0
mealplanner/grpc_server.go:721.141,723.16 2 0
mealplanner/grpc_server.go:723.16,725.3 1 0
mealplanner/grpc_server.go:727.2,729.8 1 0
mealplanner/grpc_server.go:733.75,739.16 4 1
mealplanner/grpc_server.go:739.16,740.27 1 1
mealplanner/grpc_server.go:740.27,742.4 1 1
mealplanner/grpc_server.go:743.3,743.64 1 1
mealplanner/grpc_server.go:747.2,748.75 2 1
mealplanner/grpc_server.go:748.75,750.3 1 0
mealplanner/grpc_server.go:753.2,754.9 2 1
mealplanner/grpc_server.go:754.9,756.3 1 0
mealplanner/grpc_server.go:759.2,760.27 2 1
mealplanner/grpc_server.go:760.27,762.3 1 1
mealplanner/grpc_server.go:763.2,765.9 3 1
mealplanner/grpc_server.go:765.9,768.3 2 1
mealplanner/grpc_server.go:771.2,772.16 2 1
mealplanner/grpc_server.go:772.16,774.3 1 0
mealplanner/grpc_server.go:777.2,783.24 2 1
mealplanner/grpc_server.go:787.98,789.9 2 1
mealplanner/grpc_server.go:789.9,791.3 1 0
mealplanner/grpc_server.go:793.2,794.35 2 1
mealplanner/grpc_server.go:794.35,796.10 2 1
mealplanner/grpc_server.go:796.10,797.12 1 0
mealplanner/grpc_server.go:800.3,803.66 2 1
mealplanner/grpc_server.go:803.66,804.50 1 1
mealplanner/grpc_server.go:804.50,808.5 1 1
mealplanner/grpc_server.go:812.3,812.56 1 1
mealplanner/grpc_server.go:812.56,814.4 1 0
mealplanner/grpc_server.go:817.3,817.55 1 1
mealplanner/grpc_server.go:817.55,819.4 1 0
mealplanner/grpc_server.go:821.3,821.29 1 1
mealplanner/grpc_server.go:824.2,826.8 1 1
mealplanner/main.go:25.41,27.2 1 0
mealplanner/main.go:31.13,33.40 1 0
mealplanner/main.go:33.40,36.3 2 0
mealplanner/main.go:38.2,43.32 4 0
mealplanner/main.go:43.32,45.3 1 0
mealplanner/main.go:46.2,46.32 1 0
mealplanner/main.go:46.32,48.3 1 0
mealplanner/main.go:49.2,49.32 1 0
mealplanner/main.go:49.32,51.3 1 0
mealplanner/main.go:52.2,52.36 1 0
mealplanner/main.go:52.36,54.3 1 0
mealplanner/main.go:55.2,55.32 1 0
mealplanner/main.go:55.32,57.3 1 0
mealplanner/main.go:59.2,62.17 3 0
mealplanner/main.go:62.17,65.3 1 0
mealplanner/main.go:66.2,66.16 1 0
mealplanner/main.go:66.16,67.33 1 0
mealplanner/main.go:67.33,70.4 1 0
mealplanner/main.go:74.2,74.23 1 0
mealplanner/main.go:74.23,78.52 2 0
mealplanner/main.go:78.52,80.4 1 0
mealplanner/main.go:84.2,87.17 2 0
mealplanner/main.go:87.17,89.3 1 0
mealplanner/main.go:92.2,93.16 2 0
mealplanner/main.go:93.16,95.3 1 0
mealplanner/main.go:97.2,112.23 8 0
mealplanner/main.go:112.23,113.43 1 0
mealplanner/main.go:113.43,115.4 1 0
mealplanner/main.go:115.9,117.4 1 0
mealplanner/main.go:118.8,120.3 1 0
mealplanner/main.go:122.2,122.15 1 0
mealplanner/main.go:122.15,125.3 2 0
mealplanner/main.go:125.8,128.3 2 0
mealplanner/main.go:130.2,134.12 3 0
mealplanner/main.go:134.12,138.22 3 0
mealplanner/main.go:138.22,143.24 3 0
mealplanner/main.go:143.24,144.44 1 0
mealplanner/main.go:144.44,146.6 1 0
mealplanner/main.go:146.11,148.6 1 0
mealplanner/main.go:149.10,151.5 1 0
mealplanner/main.go:153.4,153.17 1 0
mealplanner/main.go:153.17,155.5 1 0
mealplanner/main.go:155.10,158.5 2 0
mealplanner/main.go:161.4,162.52 2 0
mealplanner/main.go:166.2,167.46 2 0
mealplanner/main.go:167.46,169.3 1 0
mealplanner/test_setup.go:11.41,19.19 4 1
mealplanner/test_setup.go:19.19,21.24 1 1
mealplanner/test_setup.go:21.24,23.4 1 1
mealplanner/test_setup.go:23.9,25.4 1 0
mealplanner/test_setup.go:27.3,27.25 1 1
mealplanner/logging/grpc_hook.go:17.65,22.2 1 0
mealplanner/logging/grpc_hook.go:25.77,27.37 1 0
mealplanner/logging/grpc_hook.go:27.37,29.32 2 0
mealplanner/logging/grpc_hook.go:29.32,32.22 2 0
mealplanner/logging/grpc_hook.go:33.28,34.23 1 0
mealplanner/logging/grpc_hook.go:35.47,36.24 1 0
mealplanner/logging/grpc_hook.go:37.26,38.29 1 0
mealplanner/logging/grpc_hook.go:39.12,40.26 1 0
mealplanner/logging/grpc_hook.go:42.4,42.48 1 0
mealplanner/logging/grpc_hook.go:45.3,47.17 3 0
mealplanner/logging/grpc_hook.go:47.18,49.4 0 0
mealplanner/logging/grpc_hook.go:53.2,53.36 1 0
mealplanner/logging/grpc_hook.go:57.41,62.2 1 0
mealplanner/logging/grpc_hook.go:65.52,67.2 1 0
mealplanner/logging/grpc_hook.go:70.62,75.2 1 0
mealplanner/logging/grpc_hook.go:78.93,79.26 1 0
mealplanner/logging/grpc_hook.go:79.26,81.3 1 0
mealplanner/logging/grpc_hook.go:82.2,82.11 1 0
mealplanner/logging/grpc_hook.go:86.33,88.2 1 0
mealplanner/logging/logging.go:24.23,27.2 2 1
mealplanner/logging/logging.go:30.21,34.2 3 1
mealplanner/logging/logging.go:37.48,40.2 2 0
mealplanner/logging/logging.go:43.52,46.37 2 0
mealplanner/logging/logging.go:46.37,53.99 6 0
mealplanner/logging/logging.go:53.99,56.4 2 0
mealplanner/logging/logging.go:57.3,57.96 1 0
mealplanner/logging/logging.go:57.96,59.19 2 0
mealplanner/logging/logging.go:59.19,61.5 1 0
mealplanner/logging/logging.go:62.4,62.75 1 0
mealplanner/logging/logging.go:64.3,71.40 7 0
mealplanner/logging/logging.go:74.2,74.27 1 0
mealplanner/logging/logging.go:78.44,81.2 2 0
mealplanner/logging/logging.go:84.19,85.23 1 1
mealplanner/logging/logging.go:85.23,87.89 1 1
mealplanner/logging/logging.go:87.89,89.4 1 1
mealplanner/logging/logging.go:92.3,92.50 1 1
mealplanner/logging/logging.go:92.50,94.4 1 1
mealplanner/logging/logging.go:94.9,97.32 2 0
mealplanner/logging/logging.go:97.32,99.5 1 0
mealplanner/logging/logging.go:102.4,104.18 3 0
mealplanner/logging/logging.go:104.18,108.5 2 0
mealplanner/logging/logging.go:108.10,111.5 2 0
mealplanner/logging/logging.go:115.3,119.99 5 1
mealplanner/logging/logging.go:119.99,122.4 2 0
mealplanner/logging/logging.go:123.3,123.96 1 1
mealplanner/logging/logging.go:123.96,125.19 2 0
mealplanner/logging/logging.go:125.19,127.5 1 0
mealplanner/logging/logging.go:128.4,128.75 1 0
mealplanner/logging/logging.go:130.3,137.38 5 1
mealplanner/logging/logging.go:137.38,140.4 2 0
mealplanner/logging/logging.go:142.3,142.21 1 1
mealplanner/repositories/ingredient_repository.go:16.68,18.2 1 0
mealplanner/repositories/ingredient_repository.go:21.127,23.2 1 0
mealplanner/repositories/ingredient_repository.go:26.127,28.2 1 0
mealplanner/repositories/ingredient_repository.go:31.102,33.2 1 0
mealplanner/repositories/ingredient_repository.go:36.125,39.16 2 0
mealplanner/repositories/ingredient_repository.go:39.16,41.3 1 0
mealplanner/repositories/ingredient_repository.go:43.2,44.29 2 0
mealplanner/repositories/ingredient_repository.go:44.29,46.3 1 0
mealplanner/repositories/ingredient_repository.go:48.2,48.25 1 0
mealplanner/repositories/meal_plan_repository.go:19.64,21.2 1 0
mealplanner/repositories/meal_plan_repository.go:26.161,28.16 2 0
mealplanner/repositories/meal_plan_repository.go:28.16,30.3 1 0
mealplanner/repositories/meal_plan_repository.go:31.2,34.16 3 0
mealplanner/repositories/meal_plan_repository.go:34.16,36.3 1 0
mealplanner/repositories/meal_plan_repository.go:38.2,38.36 1 0
mealplanner/repositories/meal_plan_repository.go:38.36,40.3 1 0
mealplanner/repositories/meal_plan_repository.go:42.2,42.16 1 0
mealplanner/repositories/meal_plan_repository.go:46.105,48.2 1 0
mealplanner/repositories/meal_plan_repository.go:51.120,53.2 1 0
mealplanner/repositories/meal_plan_repository.go:56.164,58.2 1 0
mealplanner/repositories/meal_plan_repository.go:61.120,63.16 2 0
mealplanner/repositories/meal_plan_repository.go:63.16,65.3 1 0
mealplanner/repositories/meal_plan_repository.go:66.2,68.73 2 0
mealplanner/repositories/meal_plan_repository.go:68.73,70.3 1 0
mealplanner/repositories/meal_plan_repository.go:72.2,72.36 1 0
mealplanner/repositories/meal_plan_repository.go:72.36,74.3 1 0
mealplanner/repositories/meal_plan_repository.go:76.2,76.12 1 0
mealplanner/repositories/meal_plan_repository.go:80.104,82.16 2 0
mealplanner/repositories/meal_plan_repository.go:82.16,84.3 1 0
mealplanner/repositories/meal_plan_repository.go:85.2,87.75 2 0
mealplanner/repositories/meal_plan_repository.go:87.75,89.3 1 0
mealplanner/repositories/meal_plan_repository.go:91.2,91.36 1 0
mealplanner/repositories/meal_plan_repository.go:91.36,93.3 1 0
mealplanner/repositories/meal_plan_repository.go:95.2,95.12 1 0
mealplanner/repositories/meal_plan_repository.go:99.127,101.16 2 0
mealplanner/repositories/meal_plan_repository.go:101.16,103.3 1 0
mealplanner/repositories/meal_plan_repository.go:104.2,106.79 2 0
mealplanner/repositories/meal_plan_repository.go:106.79,108.3 1 0
mealplanner/repositories/meal_plan_repository.go:110.2,110.36 1 0
mealplanner/repositories/meal_plan_repository.go:110.36,112.3 1 0
mealplanner/repositories/meal_plan_repository.go:114.2,114.12 1 0
mealplanner/repositories/meal_plan_repository.go:120.126,122.2 1 0
mealplanner/repositories/meal_plan_repository.go:125.120,127.2 1 0
mealplanner/repositories/meal_plan_repository.go:130.139,132.2 1 0
mealplanner/repositories/meal_plan_repository.go:135.109,137.2 1 0
mealplanner/repositories/meal_plan_repository.go:140.106,142.2 1 0
mealplanner/repositories/meal_plan_repository.go:145.134,146.17 1 0
mealplanner/repositories/meal_plan_repository.go:146.17,148.3 1 0
mealplanner/repositories/meal_plan_repository.go:151.2,152.30 2 0
mealplanner/repositories/meal_plan_repository.go:152.30,153.48 1 0
mealplanner/repositories/meal_plan_repository.go:153.48,155.4 1 0
mealplanner/repositories/meal_plan_repository.go:157.2,157.23 1 0
mealplanner/repositories/meal_plan_repository.go:157.23,159.3 1 0
mealplanner/repositories/meal_plan_repository.go:161.2,162.16 2 0
mealplanner/repositories/meal_plan_repository.go:162.16,164.3 1 0
mealplanner/repositories/meal_plan_repository.go:165.2,166.41 2 0
mealplanner/repositories/meal_plan_repository.go:166.41,168.3 1 0
mealplanner/repositories/meal_plan_repository.go:171.2,175.35 4 0
mealplanner/repositories/meal_plan_repository.go:175.35,176.20 1 0
mealplanner/repositories/meal_plan_repository.go:176.20,177.52 1 0
mealplanner/repositories/meal_plan_repository.go:177.52,179.5 1 0
mealplanner/repositories/meal_plan_repository.go:182.2,182.24 1 0
mealplanner/repositories/meal_repository.go:16.56,18.2 1 0
mealplanner/repositories/meal_repository.go:21.87,23.2 1 0
mealplanner/repositories/meal_repository.go:26.100,28.2 1 0
mealplanner/repositories/meal_repository.go:31.93,33.16 2 0
mealplanner/repositories/meal_repository.go:33.16,35.3 1 0
mealplanner/repositories/meal_repository.go:36.2,36.21 1 0
mealplanner/repositories/meal_repository.go:36.21,38.3 1 0
mealplanner/repositories/meal_repository.go:39.2,39.22 1 0
mealplanner/repositories/meal_repository.go:43.103,45.2 1 0
mealplanner/repositories/meal_repository.go:48.103,50.16 2 0
mealplanner/repositories/meal_repository.go:50.16,52.3 1 0
mealplanner/repositories/meal_repository.go:54.2,54.18 1 0
mealplanner/repositories/meal_repository.go:58.76,60.2 1 0
mealplanner/repositories/meal_repository.go:63.111,65.2 1 0
mealplanner/repositories/meal_repository.go:68.95,70.2 1 0
mealplanner/repositories/meal_repository.go:73.103,75.2 1 0
mealplanner/repositories/meal_repository.go:78.106,80.2 1 0
mealplanner/repositories/recipe_step_repository.go:16.68,18.2 1 0
mealplanner/repositories/recipe_step_repository.go:21.109,23.2 1 0
mealplanner/repositories/recipe_step_repository.go:26.112,28.2 1 0
mealplanner/repositories/recipe_step_repository.go:31.139,33.2 1 0
mealplanner/repositories/recipe_step_repository.go:36.93,38.2 1 0
mealplanner/repositories/recipe_step_repository.go:41.98,43.2 1 0
mealplanner/repositories/recipe_step_repository.go:46.97,48.2 1 0
mealplanner/repositories/recipe_step_repository.go:51.103,53.2 1 0
mealplanner/repositories/shopping_list_repository.go:16.72,18.2 1 0
mealplanner/repositories/shopping_list_repository.go:21.147,24.2 2 0
mealplanner/repositories/shopping_list_repository.go:27.163,29.2 1 0
mealplanner/services/meal_service.go:19.48,21.2 1 1
mealplanner/services/meal_service.go:24.121,29.2 1 1
mealplanner/services/meal_service.go:32.61,34.16 2 1
mealplanner/services/meal_service.go:34.16,36.3 1 1
mealplanner/services/meal_service.go:37.2,37.19 1 1
mealplanner/services/meal_service.go:41.72,43.16 2 1
mealplanner/services/meal_service.go:43.16,45.3 1 1
mealplanner/services/meal_service.go:46.2,46.19 1 1
mealplanner/services/meal_service.go:50.75,53.16 3 1
mealplanner/services/meal_service.go:53.16,56.3 2 1
mealplanner/services/meal_service.go:57.2,58.20 2 1
mealplanner/services/meal_service.go:62.75,65.16 3 1
mealplanner/services/meal_service.go:65.16,68.3 2 1
mealplanner/services/meal_service.go:71.2,72.16 2 1
mealplanner/services/meal_service.go:72.16,75.3 2 0
mealplanner/services/meal_service.go:77.2,78.25 2 1
mealplanner/services/meal_service.go:82.48,85.16 3 1
mealplanner/services/meal_service.go:85.16,88.3 2 1
mealplanner/services/meal_service.go:89.2,90.12 2 1
mealplanner/services/meal_service.go:94.83,97.16 3 1
mealplanner/services/meal_service.go:97.16,100.3 2 1
mealplanner/services/meal_service.go:101.2,102.18 2 1
mealplanner/services/meal_service.go:106.65,109.16 3 1
mealplanner/services/meal_service.go:109.16,112.3 2 1
mealplanner/services/meal_service.go:113.2,114.18 2 1
mealplanner/services/meal_service.go:118.109,121.16 3 1
mealplanner/services/meal_service.go:121.16,124.3 2 1
mealplanner/services/meal_service.go:127.2,128.16 2 1
mealplanner/services/meal_service.go:128.16,131.3 2 1
mealplanner/services/meal_service.go:132.2,133.18 2 1
mealplanner/services/meal_service.go:137.92,140.16 3 0
mealplanner/services/meal_service.go:140.16,143.3 2 0
mealplanner/services/meal_service.go:146.2,147.16 2 0
mealplanner/services/meal_service.go:147.16,150.3 2 0
mealplanner/services/meal_service.go:151.2,152.18 2 0
mealplanner/services/meal_service.go:156.67,160.16 3 1
mealplanner/services/meal_service.go:160.16,163.3 2 1
mealplanner/services/meal_service.go:165.2,166.12 2 1
mealplanner/services/service_container.go:9.56,24.2 6 0
mealplanner/services/shopping_list_service.go:20.56,22.2 1 1
mealplanner/services/shopping_list_service.go:25.141,30.2 1 1
mealplanner/services/shopping_list_service.go:33.99,34.23 1 1
mealplanner/services/shopping_list_service.go:34.23,37.3 2 1
mealplanner/services/shopping_list_service.go:39.2,43.16 3 1
mealplanner/services/shopping_list_service.go:43.16,46.3 2 1
mealplanner/services/shopping_list_service.go:49.2,50.16 2 1
mealplanner/services/shopping_list_service.go:50.16,53.3 2 1
mealplanner/services/shopping_list_service.go:55.2,56.19 2 1
mealplanner/services/shopping_list_service.go:60.118,63.16 3 1
mealplanner/services/shopping_list_service.go:63.16,66.3 2 1
mealplanner/services/shopping_list_service.go:67.2,68.19 2 1
mealplanner/services/shopping_list_service.go:72.134,75.16 3 1
mealplanner/services/shopping_list_service.go:75.16,78.3 2 1
mealplanner/services/shopping_list_service.go:79.2,80.19 2 1
